[2026-04-05T14:30:24.284Z] [INFO] [RUN] id=review_run_2026-04-05T14-30-24-281Z
[2026-04-05T14:30:24.287Z] [INFO] [RUN] log file: /mnt/c/Developer/Review_AI/scraper_project/logs/review_run_2026-04-05T14-30-24-281Z.log
[2026-04-05T14:30:24.288Z] [INFO] [RUN] summary file: /mnt/c/Developer/Review_AI/scraper_project/logs/review_run_2026-04-05T14-30-24-281Z_summary.json
[2026-04-05T14:30:25.049Z] [INFO] [REVIEWS] loaded 1000 review jobs from /mnt/c/Developer/Review_AI/scraper_project/product_ids
[2026-04-05T14:30:25.050Z] [INFO] [REVIEWS] category filter: traktor
[2026-04-05T14:30:25.051Z] [INFO] [REVIEWS] concurrency: 3
[2026-04-05T14:30:25.054Z] [INFO] 
[REVIEW WORKER 1] starting traktor/697173198
[2026-04-05T14:30:25.056Z] [INFO] 
[REVIEW WORKER 2] starting traktor/714433876
[2026-04-05T14:30:25.059Z] [INFO] 
[REVIEW WORKER 3] starting traktor/569599026
[2026-04-05T14:30:29.509Z] [INFO] 
[START REVIEW] category=traktor productId=697173198 startPage=1
[2026-04-05T14:30:29.520Z] [INFO] 
[START REVIEW] category=traktor productId=714433876 startPage=1
[2026-04-05T14:30:29.554Z] [INFO] 
[START REVIEW] category=traktor productId=569599026 startPage=1
[2026-04-05T14:30:30.059Z] [INFO] [review traktor/697173198] page=1 +0 reviews (unique=0)
[2026-04-05T14:30:30.123Z] [INFO] [REVIEW SAVED] /mnt/c/Developer/Review_AI/scraper_project/raw_data/traktor/697173198_reviews.json
[2026-04-05T14:30:30.140Z] [INFO] [review traktor/569599026] page=1 +1 reviews (unique=1)
[2026-04-05T14:30:30.156Z] [INFO] [REVIEW SAVED] /mnt/c/Developer/Review_AI/scraper_project/raw_data/traktor/569599026_reviews.json
[2026-04-05T14:30:30.168Z] [INFO] [review traktor/714433876] page=1 +8 reviews (unique=8)
[2026-04-05T14:30:30.180Z] [INFO] [REVIEW SAVED] /mnt/c/Developer/Review_AI/scraper_project/raw_data/traktor/714433876_reviews.json
[2026-04-05T14:30:30.194Z] [INFO] 
[REVIEW WORKER 1] starting traktor/529572051
[2026-04-05T14:30:30.199Z] [INFO] 
[REVIEW WORKER 2] starting traktor/503614880
[2026-04-05T14:30:30.208Z] [INFO] 
[REVIEW WORKER 3] starting traktor/505481798
[2026-04-05T14:30:34.313Z] [INFO] 
[START REVIEW] category=traktor productId=505481798 startPage=1
[2026-04-05T14:30:34.356Z] [INFO] 
[START REVIEW] category=traktor productId=503614880 startPage=1
[2026-04-05T14:30:35.069Z] [INFO] 
[START REVIEW] category=traktor productId=529572051 startPage=1
[2026-04-05T14:30:35.433Z] [INFO] [review traktor/505481798] page=1 +8 reviews (unique=8)
[2026-04-05T14:30:35.448Z] [INFO] [REVIEW SAVED] /mnt/c/Developer/Review_AI/scraper_project/raw_data/traktor/505481798_reviews.json
[2026-04-05T14:30:35.461Z] [INFO] 
[REVIEW WORKER 3] starting traktor/663990489
[2026-04-05T14:30:35.551Z] [INFO] [review traktor/503614880] page=1 +0 reviews (unique=0)
[2026-04-05T14:30:35.565Z] [INFO] [REVIEW SAVED] /mnt/c/Developer/Review_AI/scraper_project/raw_data/traktor/503614880_reviews.json
[2026-04-05T14:30:35.578Z] [INFO] 
[REVIEW WORKER 2] starting traktor/455499916
[2026-04-05T14:30:35.761Z] [INFO] [review traktor/529572051] page=1 +1 reviews (unique=1)
[2026-04-05T14:30:35.779Z] [INFO] [REVIEW SAVED] /mnt/c/Developer/Review_AI/scraper_project/raw_data/traktor/529572051_reviews.json
[2026-04-05T14:30:35.789Z] [INFO] 
[REVIEW WORKER 1] starting traktor/508168512
[2026-04-05T14:30:39.302Z] [INFO] 
[START REVIEW] category=traktor productId=663990489 startPage=1
[2026-04-05T14:30:39.575Z] [INFO] [review traktor/663990489] page=1 +0 reviews (unique=0)
[2026-04-05T14:30:39.596Z] [INFO] [REVIEW SAVED] /mnt/c/Developer/Review_AI/scraper_project/raw_data/traktor/663990489_reviews.json
[2026-04-05T14:30:39.615Z] [INFO] 
[REVIEW WORKER 3] starting traktor/569599490
[2026-04-05T14:30:40.285Z] [INFO] 
[START REVIEW] category=traktor productId=508168512 startPage=1
[2026-04-05T14:30:40.505Z] [INFO] [review traktor/508168512] page=1 +0 reviews (unique=0)
[2026-04-05T14:30:40.528Z] [INFO] [REVIEW SAVED] /mnt/c/Developer/Review_AI/scraper_project/raw_data/traktor/508168512_reviews.json
[2026-04-05T14:30:40.539Z] [INFO] 
[REVIEW WORKER 1] starting traktor/506976645
[2026-04-05T14:30:40.595Z] [INFO] 
[START REVIEW] category=traktor productId=455499916 startPage=1
[2026-04-05T14:30:40.961Z] [INFO] [review traktor/455499916] page=1 +0 reviews (unique=0)
[2026-04-05T14:30:40.975Z] [INFO] [REVIEW SAVED] /mnt/c/Developer/Review_AI/scraper_project/raw_data/traktor/455499916_reviews.json
[2026-04-05T14:30:41.034Z] [INFO] 
[REVIEW WORKER 2] starting traktor/510398079
[2026-04-05T14:30:43.984Z] [INFO] 
[START REVIEW] category=traktor productId=569599490 startPage=1
[2026-04-05T14:30:45.180Z] [INFO] [review traktor/569599490] page=1 +0 reviews (unique=0)
[2026-04-05T14:30:45.204Z] [INFO] [REVIEW SAVED] /mnt/c/Developer/Review_AI/scraper_project/raw_data/traktor/569599490_reviews.json
[2026-04-05T14:30:45.222Z] [INFO] 
[REVIEW WORKER 3] starting traktor/646732857
[2026-04-05T14:30:46.224Z] [INFO] 
[START REVIEW] category=traktor productId=510398079 startPage=1
[2026-04-05T14:30:46.230Z] [INFO] 
[START REVIEW] category=traktor productId=506976645 startPage=1
[2026-04-05T14:30:46.446Z] [INFO] [review traktor/510398079] page=1 +1 reviews (unique=1)
[2026-04-05T14:30:46.454Z] [INFO] [REVIEW SAVED] /mnt/c/Developer/Review_AI/scraper_project/raw_data/traktor/510398079_reviews.json
[2026-04-05T14:30:46.473Z] [INFO] 
[REVIEW WORKER 2] starting traktor/724969123
[2026-04-05T14:30:46.519Z] [INFO] [review traktor/506976645] page=1 +0 reviews (unique=0)
[2026-04-05T14:30:46.534Z] [INFO] [REVIEW SAVED] /mnt/c/Developer/Review_AI/scraper_project/raw_data/traktor/506976645_reviews.json
[2026-04-05T14:30:46.550Z] [INFO] 
[REVIEW WORKER 1] starting traktor/507467880
[2026-04-05T14:30:52.125Z] [INFO] 
[START REVIEW] category=traktor productId=646732857 startPage=1
[2026-04-05T14:30:52.527Z] [INFO] [review traktor/646732857] page=1 +0 reviews (unique=0)
[2026-04-05T14:30:52.547Z] [INFO] [REVIEW SAVED] /mnt/c/Developer/Review_AI/scraper_project/raw_data/traktor/646732857_reviews.json
[2026-04-05T14:30:52.563Z] [INFO] 
[REVIEW WORKER 3] starting traktor/390463197
[2026-04-05T14:30:52.690Z] [INFO] 
[START REVIEW] category=traktor productId=507467880 startPage=1
[2026-04-05T14:30:53.052Z] [INFO] 
[START REVIEW] category=traktor productId=724969123 startPage=1
[2026-04-05T14:30:53.194Z] [INFO] [review traktor/507467880] page=1 +0 reviews (unique=0)
[2026-04-05T14:30:53.208Z] [INFO] [REVIEW SAVED] /mnt/c/Developer/Review_AI/scraper_project/raw_data/traktor/507467880_reviews.json
[2026-04-05T14:30:53.230Z] [INFO] 
[REVIEW WORKER 1] starting traktor/506193457
[2026-04-05T14:30:53.409Z] [INFO] [review traktor/724969123] page=1 +0 reviews (unique=0)
[2026-04-05T14:30:53.421Z] [INFO] [REVIEW SAVED] /mnt/c/Developer/Review_AI/scraper_project/raw_data/traktor/724969123_reviews.json
[2026-04-05T14:30:53.433Z] [INFO] 
[REVIEW WORKER 2] starting traktor/569605480
[2026-04-05T14:30:59.524Z] [INFO] 
[START REVIEW] category=traktor productId=390463197 startPage=1
[2026-04-05T14:30:59.789Z] [INFO] [review traktor/390463197] page=1 +0 reviews (unique=0)
[2026-04-05T14:30:59.804Z] [INFO] [REVIEW SAVED] /mnt/c/Developer/Review_AI/scraper_project/raw_data/traktor/390463197_reviews.json
[2026-04-05T14:30:59.821Z] [INFO] 
[REVIEW WORKER 3] starting traktor/632040976
[2026-04-05T14:31:03.421Z] [INFO] 
[START REVIEW] category=traktor productId=569605480 startPage=1
[2026-04-05T14:31:03.614Z] [INFO] 
[START REVIEW] category=traktor productId=632040976 startPage=1
[2026-04-05T14:31:03.882Z] [INFO] [review traktor/569605480] page=1 +0 reviews (unique=0)
[2026-04-05T14:31:03.897Z] [INFO] [REVIEW SAVED] /mnt/c/Developer/Review_AI/scraper_project/raw_data/traktor/569605480_reviews.json
[2026-04-05T14:31:03.910Z] [INFO] 
[REVIEW WORKER 2] starting traktor/710651846
[2026-04-05T14:31:03.953Z] [INFO] [review traktor/632040976] page=1 +1 reviews (unique=1)
[2026-04-05T14:31:03.973Z] [INFO] [REVIEW SAVED] /mnt/c/Developer/Review_AI/scraper_project/raw_data/traktor/632040976_reviews.json
[2026-04-05T14:31:03.996Z] [INFO] 
[REVIEW WORKER 3] starting traktor/569392912
[2026-04-05T14:31:04.350Z] [INFO] 
[START REVIEW] category=traktor productId=506193457 startPage=1
[2026-04-05T14:31:04.658Z] [INFO] [review traktor/506193457] page=1 +3 reviews (unique=3)
[2026-04-05T14:31:04.674Z] [INFO] [REVIEW SAVED] /mnt/c/Developer/Review_AI/scraper_project/raw_data/traktor/506193457_reviews.json
[2026-04-05T14:31:04.688Z] [INFO] 
[REVIEW WORKER 1] starting traktor/518170340
[2026-04-05T14:31:08.016Z] [INFO] 
[START REVIEW] category=traktor productId=710651846 startPage=1
[2026-04-05T14:31:08.040Z] [INFO] 
[START REVIEW] category=traktor productId=569392912 startPage=1
[2026-04-05T14:31:08.756Z] [INFO] [review traktor/710651846] page=1 +0 reviews (unique=0)
[2026-04-05T14:31:08.768Z] [INFO] [REVIEW SAVED] /mnt/c/Developer/Review_AI/scraper_project/raw_data/traktor/710651846_reviews.json
[2026-04-05T14:31:08.780Z] [INFO] 
[REVIEW WORKER 2] starting traktor/559091643
[2026-04-05T14:31:08.845Z] [INFO] [review traktor/569392912] page=1 +0 reviews (unique=0)
[2026-04-05T14:31:08.868Z] [INFO] [REVIEW SAVED] /mnt/c/Developer/Review_AI/scraper_project/raw_data/traktor/569392912_reviews.json
[2026-04-05T14:31:08.880Z] [INFO] 
[REVIEW WORKER 3] starting traktor/732529152
[2026-04-05T14:31:09.473Z] [INFO] 
[START REVIEW] category=traktor productId=518170340 startPage=1
[2026-04-05T14:31:09.670Z] [INFO] [review traktor/518170340] page=1 +2 reviews (unique=2)
[2026-04-05T14:31:09.681Z] [INFO] [REVIEW SAVED] /mnt/c/Developer/Review_AI/scraper_project/raw_data/traktor/518170340_reviews.json
[2026-04-05T14:31:09.691Z] [INFO] 
[REVIEW WORKER 1] starting traktor/535156040
[2026-04-05T14:31:10.920Z] [INFO] 
[INTERRUPT] Ctrl+C received. Saving partial reviews...
[2026-04-05T14:31:10.980Z] [ERROR] [REVIEW ERROR] traktor/535156040
[2026-04-05T14:31:10.983Z] [ERROR] {}
[2026-04-05T14:31:10.998Z] [INFO] [REVIEW WORKER 1] shutdown detected, exiting.
[2026-04-05T14:31:11.010Z] [ERROR] [REVIEW ERROR] traktor/732529152
[2026-04-05T14:31:11.012Z] [ERROR] {}
[2026-04-05T14:31:11.022Z] [INFO] [REVIEW WORKER 3] shutdown detected, exiting.
[2026-04-05T14:31:11.030Z] [ERROR] [REVIEW ERROR] traktor/559091643
[2026-04-05T14:31:11.032Z] [ERROR] {}
[2026-04-05T14:31:11.044Z] [INFO] [REVIEW WORKER 2] shutdown detected, exiting.
[2026-04-05T14:31:11.055Z] [INFO] 
All review jobs finished.
