[2026-04-04T19:24:10.363Z] [INFO] [RUN] id=review_run_2026-04-04T19-24-10-361Z
[2026-04-04T19:24:10.363Z] [INFO] [RUN] log file: /Users/artifact/Developer/review_ai/Review_AI/scraper_project/logs/review_run_2026-04-04T19-24-10-361Z.log
[2026-04-04T19:24:10.363Z] [INFO] [RUN] summary file: /Users/artifact/Developer/review_ai/Review_AI/scraper_project/logs/review_run_2026-04-04T19-24-10-361Z_summary.json
[2026-04-04T19:24:11.219Z] [INFO] [REVIEWS] loaded 2009 review jobs from /Users/artifact/Developer/review_ai/Review_AI/scraper_project/product_ids
[2026-04-04T19:24:11.219Z] [INFO] [REVIEWS] category filter: agiz-dis-bakimi, aksesuar-ve-tuning
[2026-04-04T19:24:11.220Z] [INFO] [REVIEWS] concurrency: 3
[2026-04-04T19:24:11.220Z] [INFO] 
[REVIEW WORKER 1] starting agiz-dis-bakimi/589007738
[2026-04-04T19:24:11.220Z] [INFO] 
[REVIEW WORKER 2] starting agiz-dis-bakimi/721997770
[2026-04-04T19:24:11.220Z] [INFO] 
[REVIEW WORKER 3] starting agiz-dis-bakimi/732675630
[2026-04-04T19:24:17.461Z] [INFO] 
[START REVIEW] category=agiz-dis-bakimi productId=721997770 startPage=1
[2026-04-04T19:24:23.372Z] [INFO] [review agiz-dis-bakimi/721997770] page=1 +3 reviews (unique=3)
[2026-04-04T19:24:23.374Z] [INFO] [REVIEW SAVED] /Users/artifact/Developer/review_ai/Review_AI/scraper_project/raw_data/agiz-dis-bakimi/721997770_reviews.json
[2026-04-04T19:24:23.395Z] [INFO] 
[REVIEW WORKER 2] starting agiz-dis-bakimi/647566847
[2026-04-04T19:24:41.328Z] [INFO] 
[START REVIEW] category=agiz-dis-bakimi productId=647566847 startPage=1
[2026-04-04T19:24:41.589Z] [INFO] [review agiz-dis-bakimi/647566847] page=1 +8 reviews (unique=8)
[2026-04-04T19:24:41.764Z] [INFO] 
[START REVIEW] category=agiz-dis-bakimi productId=589007738 startPage=1
[2026-04-04T19:24:42.124Z] [INFO] [review agiz-dis-bakimi/589007738] page=1 +8 reviews (unique=8)
[2026-04-04T19:24:42.655Z] [INFO] [review agiz-dis-bakimi/647566847] page=2 +8 reviews (unique=16)
[2026-04-04T19:24:42.861Z] [INFO] [review agiz-dis-bakimi/589007738] page=2 +8 reviews (unique=16)
[2026-04-04T19:24:43.381Z] [INFO] [review agiz-dis-bakimi/647566847] page=3 +8 reviews (unique=24)
[2026-04-04T19:24:43.777Z] [INFO] [review agiz-dis-bakimi/589007738] page=3 +8 reviews (unique=24)
[2026-04-04T19:24:44.161Z] [INFO] [review agiz-dis-bakimi/647566847] page=4 +8 reviews (unique=32)
[2026-04-04T19:24:44.472Z] [INFO] [review agiz-dis-bakimi/589007738] page=4 +8 reviews (unique=32)
[2026-04-04T19:24:44.956Z] [INFO] [review agiz-dis-bakimi/647566847] page=5 +8 reviews (unique=40)
[2026-04-04T19:24:44.959Z] [INFO] [REVIEW PARTIAL SAVED] /Users/artifact/Developer/review_ai/Review_AI/scraper_project/raw_data/agiz-dis-bakimi/647566847_reviews.partial.json
[2026-04-04T19:24:45.191Z] [INFO] [review agiz-dis-bakimi/589007738] page=5 +8 reviews (unique=40)
[2026-04-04T19:24:45.192Z] [INFO] [REVIEW PARTIAL SAVED] /Users/artifact/Developer/review_ai/Review_AI/scraper_project/raw_data/agiz-dis-bakimi/589007738_reviews.partial.json
[2026-04-04T19:24:45.805Z] [INFO] [review agiz-dis-bakimi/647566847] page=6 +4 reviews (unique=44)
[2026-04-04T19:24:45.808Z] [INFO] [REVIEW SAVED] /Users/artifact/Developer/review_ai/Review_AI/scraper_project/raw_data/agiz-dis-bakimi/647566847_reviews.json
[2026-04-04T19:24:45.823Z] [INFO] 
[REVIEW WORKER 2] starting agiz-dis-bakimi/710428336
[2026-04-04T19:24:46.347Z] [INFO] [review agiz-dis-bakimi/589007738] page=6 +8 reviews (unique=48)
[2026-04-04T19:24:47.402Z] [INFO] [review agiz-dis-bakimi/589007738] page=7 +8 reviews (unique=56)
[2026-04-04T19:24:48.272Z] [INFO] [review agiz-dis-bakimi/589007738] page=8 +8 reviews (unique=64)
[2026-04-04T19:24:49.041Z] [INFO] [review agiz-dis-bakimi/589007738] page=9 +8 reviews (unique=72)
[2026-04-04T19:24:49.811Z] [INFO] [review agiz-dis-bakimi/589007738] page=10 +8 reviews (unique=80)
[2026-04-04T19:24:49.813Z] [INFO] [REVIEW PARTIAL SAVED] /Users/artifact/Developer/review_ai/Review_AI/scraper_project/raw_data/agiz-dis-bakimi/589007738_reviews.partial.json
[2026-04-04T19:24:50.574Z] [INFO] [review agiz-dis-bakimi/589007738] page=11 +8 reviews (unique=88)
[2026-04-04T19:24:51.340Z] [INFO] [review agiz-dis-bakimi/589007738] page=12 +8 reviews (unique=96)
[2026-04-04T19:24:52.120Z] [INFO] [review agiz-dis-bakimi/589007738] page=13 +8 reviews (unique=104)
[2026-04-04T19:24:52.921Z] [INFO] [review agiz-dis-bakimi/589007738] page=14 +8 reviews (unique=112)
[2026-04-04T19:24:53.656Z] [INFO] [review agiz-dis-bakimi/589007738] page=15 +8 reviews (unique=120)
[2026-04-04T19:24:53.657Z] [INFO] [REVIEW PARTIAL SAVED] /Users/artifact/Developer/review_ai/Review_AI/scraper_project/raw_data/agiz-dis-bakimi/589007738_reviews.partial.json
[2026-04-04T19:24:54.393Z] [INFO] [review agiz-dis-bakimi/589007738] page=16 +8 reviews (unique=128)
[2026-04-04T19:24:55.323Z] [INFO] [review agiz-dis-bakimi/589007738] page=17 +8 reviews (unique=136)
[2026-04-04T19:24:56.066Z] [INFO] [review agiz-dis-bakimi/589007738] page=18 +8 reviews (unique=144)
[2026-04-04T19:24:56.867Z] [INFO] [review agiz-dis-bakimi/589007738] page=19 +8 reviews (unique=152)
[2026-04-04T19:24:57.587Z] [INFO] [review agiz-dis-bakimi/589007738] page=20 +8 reviews (unique=160)
[2026-04-04T19:24:57.591Z] [INFO] [REVIEW PARTIAL SAVED] /Users/artifact/Developer/review_ai/Review_AI/scraper_project/raw_data/agiz-dis-bakimi/589007738_reviews.partial.json
[2026-04-04T19:24:58.601Z] [INFO] [review agiz-dis-bakimi/589007738] page=21 +8 reviews (unique=168)
[2026-04-04T19:24:58.604Z] [INFO] [REVIEW SAVED] /Users/artifact/Developer/review_ai/Review_AI/scraper_project/raw_data/agiz-dis-bakimi/589007738_reviews.json
[2026-04-04T19:24:58.612Z] [INFO] 
[REVIEW WORKER 1] starting agiz-dis-bakimi/646165355
[2026-04-04T19:24:58.821Z] [INFO] 
[START REVIEW] category=agiz-dis-bakimi productId=710428336 startPage=1
[2026-04-04T19:24:59.105Z] [INFO] [review agiz-dis-bakimi/710428336] page=1 +2 reviews (unique=2)
[2026-04-04T19:24:59.106Z] [INFO] [REVIEW SAVED] /Users/artifact/Developer/review_ai/Review_AI/scraper_project/raw_data/agiz-dis-bakimi/710428336_reviews.json
[2026-04-04T19:24:59.115Z] [INFO] 
[REVIEW WORKER 2] starting agiz-dis-bakimi/737363450
[2026-04-04T19:25:00.598Z] [INFO] 
[START REVIEW] category=agiz-dis-bakimi productId=732675630 startPage=1
[2026-04-04T19:25:00.956Z] [INFO] [review agiz-dis-bakimi/732675630] page=1 +8 reviews (unique=8)
[2026-04-04T19:25:01.735Z] [INFO] [review agiz-dis-bakimi/732675630] page=2 +8 reviews (unique=16)
[2026-04-04T19:25:02.443Z] [INFO] [review agiz-dis-bakimi/732675630] page=3 +8 reviews (unique=24)
[2026-04-04T19:25:03.083Z] [INFO] [review agiz-dis-bakimi/732675630] page=4 +8 reviews (unique=32)
[2026-04-04T19:25:03.560Z] [INFO] 
[START REVIEW] category=agiz-dis-bakimi productId=646165355 startPage=1
[2026-04-04T19:25:03.833Z] [INFO] [review agiz-dis-bakimi/732675630] page=5 +8 reviews (unique=40)
[2026-04-04T19:25:03.835Z] [INFO] [REVIEW PARTIAL SAVED] /Users/artifact/Developer/review_ai/Review_AI/scraper_project/raw_data/agiz-dis-bakimi/732675630_reviews.partial.json
[2026-04-04T19:25:03.845Z] [INFO] [review agiz-dis-bakimi/646165355] page=1 +8 reviews (unique=8)
[2026-04-04T19:25:04.608Z] [INFO] [review agiz-dis-bakimi/646165355] page=2 +8 reviews (unique=16)
[2026-04-04T19:25:04.634Z] [INFO] [review agiz-dis-bakimi/732675630] page=6 +8 reviews (unique=48)
[2026-04-04T19:25:05.310Z] [INFO] [review agiz-dis-bakimi/646165355] page=3 +8 reviews (unique=24)
[2026-04-04T19:25:05.397Z] [INFO] [review agiz-dis-bakimi/732675630] page=7 +8 reviews (unique=56)
[2026-04-04T19:25:06.082Z] [INFO] [review agiz-dis-bakimi/646165355] page=4 +8 reviews (unique=32)
[2026-04-04T19:25:06.829Z] [INFO] [review agiz-dis-bakimi/646165355] page=5 +8 reviews (unique=40)
[2026-04-04T19:25:06.831Z] [INFO] [REVIEW PARTIAL SAVED] /Users/artifact/Developer/review_ai/Review_AI/scraper_project/raw_data/agiz-dis-bakimi/646165355_reviews.partial.json
[2026-04-04T19:25:07.562Z] [INFO] [review agiz-dis-bakimi/646165355] page=6 +8 reviews (unique=48)
[2026-04-04T19:25:08.271Z] [INFO] [review agiz-dis-bakimi/646165355] page=7 +8 reviews (unique=56)
[2026-04-04T19:25:09.131Z] [INFO] [review agiz-dis-bakimi/646165355] page=8 +2 reviews (unique=58)
[2026-04-04T19:25:09.134Z] [INFO] [REVIEW SAVED] /Users/artifact/Developer/review_ai/Review_AI/scraper_project/raw_data/agiz-dis-bakimi/646165355_reviews.json
[2026-04-04T19:25:09.142Z] [INFO] 
[REVIEW WORKER 1] starting agiz-dis-bakimi/733368156
[2026-04-04T19:25:13.021Z] [INFO] [review agiz-dis-bakimi/732675630] page=8 +8 reviews (unique=64)
[2026-04-04T19:25:13.786Z] [INFO] [review agiz-dis-bakimi/732675630] page=9 +8 reviews (unique=72)
[2026-04-04T19:25:15.362Z] [INFO] [review agiz-dis-bakimi/732675630] page=10 +8 reviews (unique=80)
[2026-04-04T19:25:15.365Z] [INFO] [REVIEW PARTIAL SAVED] /Users/artifact/Developer/review_ai/Review_AI/scraper_project/raw_data/agiz-dis-bakimi/732675630_reviews.partial.json
[2026-04-04T19:25:16.675Z] [INFO] [review agiz-dis-bakimi/732675630] page=11 +8 reviews (unique=88)
[2026-04-04T19:25:17.354Z] [INFO] [review agiz-dis-bakimi/732675630] page=12 +8 reviews (unique=96)
[2026-04-04T19:25:17.799Z] [INFO] 
[START REVIEW] category=agiz-dis-bakimi productId=737363450 startPage=1
[2026-04-04T19:25:18.101Z] [INFO] [review agiz-dis-bakimi/737363450] page=1 +8 reviews (unique=8)
[2026-04-04T19:25:18.127Z] [INFO] [review agiz-dis-bakimi/732675630] page=13 +8 reviews (unique=104)
[2026-04-04T19:25:18.830Z] [INFO] [review agiz-dis-bakimi/737363450] page=2 +8 reviews (unique=16)
[2026-04-04T19:25:18.888Z] [INFO] [review agiz-dis-bakimi/732675630] page=14 +8 reviews (unique=112)
[2026-04-04T19:25:19.557Z] [INFO] [review agiz-dis-bakimi/732675630] page=15 +8 reviews (unique=120)
[2026-04-04T19:25:19.562Z] [INFO] [REVIEW PARTIAL SAVED] /Users/artifact/Developer/review_ai/Review_AI/scraper_project/raw_data/agiz-dis-bakimi/732675630_reviews.partial.json
[2026-04-04T19:25:19.566Z] [INFO] [review agiz-dis-bakimi/737363450] page=3 +8 reviews (unique=24)
[2026-04-04T19:25:20.275Z] [INFO] [review agiz-dis-bakimi/732675630] page=16 +8 reviews (unique=128)
[2026-04-04T19:25:20.300Z] [INFO] [review agiz-dis-bakimi/737363450] page=4 +8 reviews (unique=32)
[2026-04-04T19:25:20.899Z] [INFO] [review agiz-dis-bakimi/732675630] page=17 +8 reviews (unique=136)
[2026-04-04T19:25:21.129Z] [INFO] [review agiz-dis-bakimi/737363450] page=5 +8 reviews (unique=40)
[2026-04-04T19:25:21.131Z] [INFO] [REVIEW PARTIAL SAVED] /Users/artifact/Developer/review_ai/Review_AI/scraper_project/raw_data/agiz-dis-bakimi/737363450_reviews.partial.json
[2026-04-04T19:25:21.649Z] [INFO] [review agiz-dis-bakimi/732675630] page=18 +8 reviews (unique=144)
[2026-04-04T19:25:21.895Z] [INFO] [review agiz-dis-bakimi/737363450] page=6 +8 reviews (unique=48)
[2026-04-04T19:25:22.426Z] [INFO] [review agiz-dis-bakimi/732675630] page=19 +8 reviews (unique=152)
[2026-04-04T19:25:22.527Z] [INFO] [review agiz-dis-bakimi/737363450] page=7 +8 reviews (unique=56)
[2026-04-04T19:25:22.767Z] [INFO] 
[START REVIEW] category=agiz-dis-bakimi productId=733368156 startPage=1
[2026-04-04T19:25:22.995Z] [INFO] [review agiz-dis-bakimi/733368156] page=1 +8 reviews (unique=8)
[2026-04-04T19:25:23.229Z] [INFO] [review agiz-dis-bakimi/732675630] page=20 +8 reviews (unique=160)
[2026-04-04T19:25:23.232Z] [INFO] [REVIEW PARTIAL SAVED] /Users/artifact/Developer/review_ai/Review_AI/scraper_project/raw_data/agiz-dis-bakimi/732675630_reviews.partial.json
[2026-04-04T19:25:23.240Z] [INFO] [review agiz-dis-bakimi/737363450] page=8 +8 reviews (unique=64)
[2026-04-04T19:25:23.909Z] [INFO] [review agiz-dis-bakimi/732675630] page=21 +8 reviews (unique=168)
[2026-04-04T19:25:24.009Z] [INFO] [review agiz-dis-bakimi/737363450] page=9 +8 reviews (unique=72)
[2026-04-04T19:25:24.608Z] [INFO] [review agiz-dis-bakimi/732675630] page=22 +8 reviews (unique=176)
[2026-04-04T19:25:24.795Z] [INFO] [review agiz-dis-bakimi/737363450] page=10 +8 reviews (unique=80)
[2026-04-04T19:25:24.796Z] [INFO] [REVIEW PARTIAL SAVED] /Users/artifact/Developer/review_ai/Review_AI/scraper_project/raw_data/agiz-dis-bakimi/737363450_reviews.partial.json
[2026-04-04T19:25:25.365Z] [INFO] [review agiz-dis-bakimi/732675630] page=23 +8 reviews (unique=184)
[2026-04-04T19:25:25.504Z] [INFO] [review agiz-dis-bakimi/737363450] page=11 +8 reviews (unique=88)
[2026-04-04T19:25:25.992Z] [INFO] [review agiz-dis-bakimi/732675630] page=24 +8 reviews (unique=192)
[2026-04-04T19:25:26.171Z] [INFO] [review agiz-dis-bakimi/737363450] page=12 +8 reviews (unique=96)
[2026-04-04T19:25:26.694Z] [INFO] [review agiz-dis-bakimi/732675630] page=25 +8 reviews (unique=200)
[2026-04-04T19:25:26.696Z] [INFO] [REVIEW PARTIAL SAVED] /Users/artifact/Developer/review_ai/Review_AI/scraper_project/raw_data/agiz-dis-bakimi/732675630_reviews.partial.json
[2026-04-04T19:25:26.919Z] [INFO] [review agiz-dis-bakimi/737363450] page=13 +8 reviews (unique=104)
[2026-04-04T19:25:27.417Z] [INFO] [review agiz-dis-bakimi/732675630] page=26 +8 reviews (unique=208)
[2026-04-04T19:25:27.674Z] [INFO] [review agiz-dis-bakimi/737363450] page=14 +8 reviews (unique=112)
[2026-04-04T19:25:28.088Z] [INFO] [review agiz-dis-bakimi/732675630] page=27 +8 reviews (unique=216)
[2026-04-04T19:25:28.804Z] [INFO] [review agiz-dis-bakimi/732675630] page=28 +8 reviews (unique=224)
[2026-04-04T19:25:29.520Z] [INFO] [review agiz-dis-bakimi/732675630] page=29 +8 reviews (unique=232)
[2026-04-04T19:25:30.372Z] [INFO] [review agiz-dis-bakimi/733368156] page=2 +8 reviews (unique=16)
[2026-04-04T19:25:30.432Z] [INFO] [review agiz-dis-bakimi/732675630] page=30 +8 reviews (unique=240)
[2026-04-04T19:25:30.434Z] [INFO] [REVIEW PARTIAL SAVED] /Users/artifact/Developer/review_ai/Review_AI/scraper_project/raw_data/agiz-dis-bakimi/732675630_reviews.partial.json
[2026-04-04T19:25:31.093Z] [INFO] [review agiz-dis-bakimi/733368156] page=3 +8 reviews (unique=24)
[2026-04-04T19:25:31.158Z] [INFO] [review agiz-dis-bakimi/732675630] page=31 +8 reviews (unique=248)
[2026-04-04T19:25:31.630Z] [INFO] 
[INTERRUPT] Ctrl+C received. Saving partial reviews...
[2026-04-04T19:25:31.636Z] [INFO] [REVIEW PARTIAL SAVED] /Users/artifact/Developer/review_ai/Review_AI/scraper_project/raw_data/agiz-dis-bakimi/732675630_reviews.partial.json
[2026-04-04T19:25:31.638Z] [INFO] [REVIEW PARTIAL SAVED] /Users/artifact/Developer/review_ai/Review_AI/scraper_project/raw_data/agiz-dis-bakimi/737363450_reviews.partial.json
[2026-04-04T19:25:31.639Z] [INFO] [REVIEW PARTIAL SAVED] /Users/artifact/Developer/review_ai/Review_AI/scraper_project/raw_data/agiz-dis-bakimi/733368156_reviews.partial.json
[2026-04-04T19:25:31.641Z] [INFO] 
[INTERRUPT] shutdown already in progress...
