[2026-04-04T19:31:53.524Z] [INFO] [RUN] id=review_run_2026-04-04T19-31-53-523Z
[2026-04-04T19:31:53.524Z] [INFO] [RUN] log file: /Users/artifact/Developer/review_ai/Review_AI/scraper_project/logs/review_run_2026-04-04T19-31-53-523Z.log
[2026-04-04T19:31:53.524Z] [INFO] [RUN] summary file: /Users/artifact/Developer/review_ai/Review_AI/scraper_project/logs/review_run_2026-04-04T19-31-53-523Z_summary.json
[2026-04-04T19:31:53.877Z] [INFO] [REVIEWS] loaded 2 review jobs from /Users/artifact/Developer/review_ai/Review_AI/scraper_project/product_ids
[2026-04-04T19:31:53.878Z] [INFO] [REVIEWS] failed-only mode enabled
[2026-04-04T19:31:53.878Z] [INFO] [REVIEWS] concurrency: 3
[2026-04-04T19:31:53.878Z] [INFO] 
[REVIEW WORKER 1] starting agiz-dis-bakimi/733368156
[2026-04-04T19:31:53.879Z] [INFO] 
[REVIEW WORKER 2] starting agiz-dis-bakimi/645392552
[2026-04-04T19:31:59.521Z] [INFO] 
[START REVIEW] category=agiz-dis-bakimi productId=645392552 startPage=1
[2026-04-04T19:31:59.901Z] [INFO] [review agiz-dis-bakimi/645392552] page=1 +8 reviews (unique=8)
[2026-04-04T19:32:12.377Z] [INFO] [review agiz-dis-bakimi/645392552] page=2 +8 reviews (unique=16)
[2026-04-04T19:32:13.208Z] [INFO] [review agiz-dis-bakimi/645392552] page=3 +8 reviews (unique=24)
[2026-04-04T19:32:13.614Z] [INFO] 
[START REVIEW] category=agiz-dis-bakimi productId=733368156 startPage=4
[2026-04-04T19:32:13.821Z] [INFO] [review agiz-dis-bakimi/645392552] page=4 +8 reviews (unique=32)
[2026-04-04T19:32:13.842Z] [INFO] [review agiz-dis-bakimi/733368156] page=4 +8 reviews (unique=32)
[2026-04-04T19:32:14.521Z] [INFO] [review agiz-dis-bakimi/733368156] page=5 +8 reviews (unique=40)
[2026-04-04T19:32:14.523Z] [INFO] [REVIEW PARTIAL SAVED] /Users/artifact/Developer/review_ai/Review_AI/scraper_project/raw_data/agiz-dis-bakimi/733368156_reviews.partial.json
[2026-04-04T19:32:14.524Z] [INFO] [REVIEW SAVED] /Users/artifact/Developer/review_ai/Review_AI/scraper_project/raw_data/agiz-dis-bakimi/733368156_reviews.json
[2026-04-04T19:32:14.539Z] [INFO] [review agiz-dis-bakimi/645392552] page=5 +8 reviews (unique=40)
[2026-04-04T19:32:14.540Z] [INFO] [REVIEW PARTIAL SAVED] /Users/artifact/Developer/review_ai/Review_AI/scraper_project/raw_data/agiz-dis-bakimi/645392552_reviews.partial.json
[2026-04-04T19:32:15.320Z] [INFO] [review agiz-dis-bakimi/645392552] page=6 +8 reviews (unique=48)
[2026-04-04T19:32:16.075Z] [INFO] [review agiz-dis-bakimi/645392552] page=7 +8 reviews (unique=56)
[2026-04-04T19:32:16.916Z] [INFO] [review agiz-dis-bakimi/645392552] page=8 +8 reviews (unique=64)
[2026-04-04T19:32:17.551Z] [INFO] [review agiz-dis-bakimi/645392552] page=9 +8 reviews (unique=72)
[2026-04-04T19:32:18.218Z] [INFO] [review agiz-dis-bakimi/645392552] page=10 +8 reviews (unique=80)
[2026-04-04T19:32:18.221Z] [INFO] [REVIEW PARTIAL SAVED] /Users/artifact/Developer/review_ai/Review_AI/scraper_project/raw_data/agiz-dis-bakimi/645392552_reviews.partial.json
[2026-04-04T19:32:18.973Z] [INFO] [review agiz-dis-bakimi/645392552] page=11 +8 reviews (unique=88)
[2026-04-04T19:32:19.647Z] [INFO] [review agiz-dis-bakimi/645392552] page=12 +8 reviews (unique=96)
[2026-04-04T19:32:20.279Z] [INFO] [review agiz-dis-bakimi/645392552] page=13 +8 reviews (unique=104)
[2026-04-04T19:32:20.962Z] [INFO] [review agiz-dis-bakimi/645392552] page=14 +8 reviews (unique=112)
[2026-04-04T19:32:21.667Z] [INFO] [review agiz-dis-bakimi/645392552] page=15 +8 reviews (unique=120)
[2026-04-04T19:32:21.670Z] [INFO] [REVIEW PARTIAL SAVED] /Users/artifact/Developer/review_ai/Review_AI/scraper_project/raw_data/agiz-dis-bakimi/645392552_reviews.partial.json
[2026-04-04T19:32:22.359Z] [INFO] [review agiz-dis-bakimi/645392552] page=16 +8 reviews (unique=128)
[2026-04-04T19:32:22.941Z] [INFO] [review agiz-dis-bakimi/645392552] page=17 +8 reviews (unique=136)
[2026-04-04T19:32:23.690Z] [INFO] [review agiz-dis-bakimi/645392552] page=18 +8 reviews (unique=144)
[2026-04-04T19:32:24.354Z] [INFO] [review agiz-dis-bakimi/645392552] page=19 +8 reviews (unique=152)
[2026-04-04T19:32:25.045Z] [INFO] [review agiz-dis-bakimi/645392552] page=20 +8 reviews (unique=160)
[2026-04-04T19:32:25.049Z] [INFO] [REVIEW PARTIAL SAVED] /Users/artifact/Developer/review_ai/Review_AI/scraper_project/raw_data/agiz-dis-bakimi/645392552_reviews.partial.json
[2026-04-04T19:32:25.677Z] [INFO] [review agiz-dis-bakimi/645392552] page=21 +8 reviews (unique=168)
[2026-04-04T19:32:26.362Z] [INFO] [review agiz-dis-bakimi/645392552] page=22 +8 reviews (unique=176)
[2026-04-04T19:32:27.094Z] [INFO] [review agiz-dis-bakimi/645392552] page=23 +8 reviews (unique=184)
[2026-04-04T19:32:27.705Z] [INFO] [review agiz-dis-bakimi/645392552] page=24 +8 reviews (unique=192)
[2026-04-04T19:32:28.409Z] [INFO] [review agiz-dis-bakimi/645392552] page=25 +8 reviews (unique=200)
[2026-04-04T19:32:28.413Z] [INFO] [REVIEW PARTIAL SAVED] /Users/artifact/Developer/review_ai/Review_AI/scraper_project/raw_data/agiz-dis-bakimi/645392552_reviews.partial.json
[2026-04-04T19:32:29.264Z] [INFO] [review agiz-dis-bakimi/645392552] page=26 +8 reviews (unique=208)
[2026-04-04T19:32:29.984Z] [INFO] [review agiz-dis-bakimi/645392552] page=27 +8 reviews (unique=216)
[2026-04-04T19:32:30.665Z] [INFO] [review agiz-dis-bakimi/645392552] page=28 +8 reviews (unique=224)
[2026-04-04T19:32:31.328Z] [INFO] [review agiz-dis-bakimi/645392552] page=29 +8 reviews (unique=232)
[2026-04-04T19:32:31.977Z] [INFO] [review agiz-dis-bakimi/645392552] page=30 +8 reviews (unique=240)
[2026-04-04T19:32:31.983Z] [INFO] [REVIEW PARTIAL SAVED] /Users/artifact/Developer/review_ai/Review_AI/scraper_project/raw_data/agiz-dis-bakimi/645392552_reviews.partial.json
[2026-04-04T19:32:32.767Z] [INFO] [review agiz-dis-bakimi/645392552] page=31 +7 reviews (unique=247)
[2026-04-04T19:32:32.774Z] [INFO] [REVIEW SAVED] /Users/artifact/Developer/review_ai/Review_AI/scraper_project/raw_data/agiz-dis-bakimi/645392552_reviews.json
[2026-04-04T19:32:32.786Z] [INFO] 
All review jobs finished.
