[2026-04-04T19:28:19.923Z] [INFO] [RESUME] summary file: /Users/artifact/Developer/review_ai/Review_AI/scraper_project/logs/review_run_2026-04-04T19-24-10-361Z_summary.json
[2026-04-04T19:28:19.923Z] [INFO] [RESUME] continuing from runId=review_run_2026-04-04T19-24-10-361Z
[2026-04-04T19:28:19.923Z] [INFO] [RUN] id=review_run_2026-04-04T19-28-19-834Z
[2026-04-04T19:28:19.923Z] [INFO] [RUN] log file: /Users/artifact/Developer/review_ai/Review_AI/scraper_project/logs/review_run_2026-04-04T19-28-19-834Z.log
[2026-04-04T19:28:19.923Z] [INFO] [RUN] summary file: /Users/artifact/Developer/review_ai/Review_AI/scraper_project/logs/review_run_2026-04-04T19-28-19-834Z_summary.json
[2026-04-04T19:28:20.608Z] [INFO] [REVIEWS] loaded 2004 review jobs from /Users/artifact/Developer/review_ai/Review_AI/scraper_project/product_ids
[2026-04-04T19:28:20.608Z] [INFO] [REVIEWS] category filter: agiz-dis-bakimi, aksesuar-ve-tuning
[2026-04-04T19:28:20.608Z] [INFO] [REVIEWS] resume mode enabled from review_run_2026-04-04T19-24-10-361Z
[2026-04-04T19:28:20.608Z] [INFO] [REVIEWS] concurrency: 3
[2026-04-04T19:28:20.608Z] [INFO] 
[REVIEW WORKER 1] starting agiz-dis-bakimi/732675630
[2026-04-04T19:28:20.609Z] [INFO] 
[REVIEW WORKER 2] starting agiz-dis-bakimi/737363450
[2026-04-04T19:28:20.609Z] [INFO] 
[REVIEW WORKER 3] starting agiz-dis-bakimi/733368156
[2026-04-04T19:28:25.129Z] [INFO] 
[START REVIEW] category=agiz-dis-bakimi productId=732675630 startPage=32
[2026-04-04T19:28:25.356Z] [INFO] [review agiz-dis-bakimi/732675630] page=32 +8 reviews (unique=256)
[2026-04-04T19:28:26.049Z] [INFO] [review agiz-dis-bakimi/732675630] page=33 +8 reviews (unique=264)
[2026-04-04T19:28:33.405Z] [INFO] [review agiz-dis-bakimi/732675630] page=34 +8 reviews (unique=272)
[2026-04-04T19:28:34.079Z] [INFO] [review agiz-dis-bakimi/732675630] page=35 +8 reviews (unique=280)
[2026-04-04T19:28:34.082Z] [INFO] [REVIEW PARTIAL SAVED] /Users/artifact/Developer/review_ai/Review_AI/scraper_project/raw_data/agiz-dis-bakimi/732675630_reviews.partial.json
[2026-04-04T19:28:34.855Z] [INFO] [review agiz-dis-bakimi/732675630] page=36 +8 reviews (unique=288)
[2026-04-04T19:28:35.635Z] [INFO] [review agiz-dis-bakimi/732675630] page=37 +8 reviews (unique=296)
[2026-04-04T19:28:36.246Z] [INFO] [review agiz-dis-bakimi/732675630] page=38 +8 reviews (unique=304)
[2026-04-04T19:28:36.933Z] [INFO] [review agiz-dis-bakimi/732675630] page=39 +8 reviews (unique=312)
[2026-04-04T19:28:37.729Z] [INFO] [review agiz-dis-bakimi/732675630] page=40 +8 reviews (unique=320)
[2026-04-04T19:28:37.733Z] [INFO] [REVIEW PARTIAL SAVED] /Users/artifact/Developer/review_ai/Review_AI/scraper_project/raw_data/agiz-dis-bakimi/732675630_reviews.partial.json
[2026-04-04T19:28:38.362Z] [INFO] [review agiz-dis-bakimi/732675630] page=41 +8 reviews (unique=328)
[2026-04-04T19:28:38.744Z] [INFO] 
[START REVIEW] category=agiz-dis-bakimi productId=737363450 startPage=15
[2026-04-04T19:28:38.994Z] [INFO] [review agiz-dis-bakimi/737363450] page=15 +8 reviews (unique=120)
[2026-04-04T19:28:38.996Z] [INFO] [REVIEW PARTIAL SAVED] /Users/artifact/Developer/review_ai/Review_AI/scraper_project/raw_data/agiz-dis-bakimi/737363450_reviews.partial.json
[2026-04-04T19:28:39.079Z] [INFO] [review agiz-dis-bakimi/732675630] page=42 +8 reviews (unique=336)
[2026-04-04T19:28:39.621Z] [INFO] [review agiz-dis-bakimi/737363450] page=16 +8 reviews (unique=128)
[2026-04-04T19:28:39.823Z] [INFO] [review agiz-dis-bakimi/732675630] page=43 +8 reviews (unique=344)
[2026-04-04T19:28:40.354Z] [INFO] [review agiz-dis-bakimi/737363450] page=17 +8 reviews (unique=136)
[2026-04-04T19:28:40.495Z] [INFO] [review agiz-dis-bakimi/732675630] page=44 +8 reviews (unique=352)
[2026-04-04T19:28:41.009Z] [INFO] [review agiz-dis-bakimi/737363450] page=18 +8 reviews (unique=144)
[2026-04-04T19:28:41.117Z] [INFO] [review agiz-dis-bakimi/732675630] page=45 +8 reviews (unique=360)
[2026-04-04T19:28:41.126Z] [INFO] [REVIEW PARTIAL SAVED] /Users/artifact/Developer/review_ai/Review_AI/scraper_project/raw_data/agiz-dis-bakimi/732675630_reviews.partial.json
[2026-04-04T19:28:41.698Z] [INFO] [review agiz-dis-bakimi/737363450] page=19 +8 reviews (unique=152)
[2026-04-04T19:28:41.764Z] [INFO] [review agiz-dis-bakimi/732675630] page=46 +8 reviews (unique=368)
[2026-04-04T19:28:42.455Z] [INFO] [review agiz-dis-bakimi/737363450] page=20 +8 reviews (unique=160)
[2026-04-04T19:28:42.459Z] [INFO] [REVIEW PARTIAL SAVED] /Users/artifact/Developer/review_ai/Review_AI/scraper_project/raw_data/agiz-dis-bakimi/737363450_reviews.partial.json
[2026-04-04T19:28:42.744Z] [INFO] [review agiz-dis-bakimi/732675630] page=47 +8 reviews (unique=376)
[2026-04-04T19:28:43.077Z] [INFO] [review agiz-dis-bakimi/737363450] page=21 +8 reviews (unique=168)
[2026-04-04T19:28:43.498Z] [INFO] [review agiz-dis-bakimi/732675630] page=48 +8 reviews (unique=384)
[2026-04-04T19:28:43.726Z] [INFO] [review agiz-dis-bakimi/737363450] page=22 +8 reviews (unique=176)
[2026-04-04T19:28:44.245Z] [INFO] [review agiz-dis-bakimi/732675630] page=49 +8 reviews (unique=392)
[2026-04-04T19:28:44.445Z] [INFO] [review agiz-dis-bakimi/737363450] page=23 +8 reviews (unique=184)
[2026-04-04T19:28:44.940Z] [INFO] [review agiz-dis-bakimi/732675630] page=50 +8 reviews (unique=400)
[2026-04-04T19:28:44.948Z] [INFO] [REVIEW PARTIAL SAVED] /Users/artifact/Developer/review_ai/Review_AI/scraper_project/raw_data/agiz-dis-bakimi/732675630_reviews.partial.json
[2026-04-04T19:28:45.074Z] [INFO] [review agiz-dis-bakimi/737363450] page=24 +6 reviews (unique=190)
[2026-04-04T19:28:45.078Z] [INFO] [REVIEW SAVED] /Users/artifact/Developer/review_ai/Review_AI/scraper_project/raw_data/agiz-dis-bakimi/737363450_reviews.json
[2026-04-04T19:28:45.093Z] [INFO] 
[REVIEW WORKER 2] starting agiz-dis-bakimi/736619533
[2026-04-04T19:28:45.611Z] [INFO] [review agiz-dis-bakimi/732675630] page=51 +8 reviews (unique=408)
[2026-04-04T19:28:46.257Z] [INFO] [review agiz-dis-bakimi/732675630] page=52 +6 reviews (unique=414)
[2026-04-04T19:28:46.264Z] [INFO] [REVIEW SAVED] /Users/artifact/Developer/review_ai/Review_AI/scraper_project/raw_data/agiz-dis-bakimi/732675630_reviews.json
[2026-04-04T19:28:46.275Z] [INFO] 
[REVIEW WORKER 1] starting agiz-dis-bakimi/703292064
[2026-04-04T19:28:56.705Z] [INFO] 
[START REVIEW] category=agiz-dis-bakimi productId=703292064 startPage=1
[2026-04-04T19:28:57.143Z] [INFO] [review agiz-dis-bakimi/703292064] page=1 +8 reviews (unique=8)
[2026-04-04T19:28:57.758Z] [INFO] [review agiz-dis-bakimi/703292064] page=2 +8 reviews (unique=16)
[2026-04-04T19:28:58.391Z] [INFO] [review agiz-dis-bakimi/703292064] page=3 +8 reviews (unique=24)
[2026-04-04T19:28:59.094Z] [INFO] [review agiz-dis-bakimi/703292064] page=4 +8 reviews (unique=32)
[2026-04-04T19:28:59.878Z] [INFO] [review agiz-dis-bakimi/703292064] page=5 +8 reviews (unique=40)
[2026-04-04T19:28:59.880Z] [INFO] [REVIEW PARTIAL SAVED] /Users/artifact/Developer/review_ai/Review_AI/scraper_project/raw_data/agiz-dis-bakimi/703292064_reviews.partial.json
[2026-04-04T19:29:00.580Z] [INFO] [review agiz-dis-bakimi/703292064] page=6 +8 reviews (unique=48)
[2026-04-04T19:29:01.321Z] [INFO] [review agiz-dis-bakimi/703292064] page=7 +8 reviews (unique=56)
[2026-04-04T19:29:01.957Z] [INFO] [review agiz-dis-bakimi/703292064] page=8 +8 reviews (unique=64)
[2026-04-04T19:29:02.595Z] [INFO] [review agiz-dis-bakimi/703292064] page=9 +4 reviews (unique=68)
[2026-04-04T19:29:02.598Z] [INFO] [REVIEW SAVED] /Users/artifact/Developer/review_ai/Review_AI/scraper_project/raw_data/agiz-dis-bakimi/703292064_reviews.json
[2026-04-04T19:29:02.610Z] [INFO] 
[REVIEW WORKER 1] starting agiz-dis-bakimi/638130521
[2026-04-04T19:29:07.351Z] [INFO] 
[START REVIEW] category=agiz-dis-bakimi productId=638130521 startPage=1
[2026-04-04T19:29:07.741Z] [INFO] [review agiz-dis-bakimi/638130521] page=1 +8 reviews (unique=8)
[2026-04-04T19:29:08.491Z] [INFO] [review agiz-dis-bakimi/638130521] page=2 +8 reviews (unique=16)
[2026-04-04T19:29:09.191Z] [INFO] [review agiz-dis-bakimi/638130521] page=3 +8 reviews (unique=24)
[2026-04-04T19:29:09.841Z] [INFO] [review agiz-dis-bakimi/638130521] page=4 +8 reviews (unique=32)
[2026-04-04T19:29:10.468Z] [INFO] [review agiz-dis-bakimi/638130521] page=5 +8 reviews (unique=40)
[2026-04-04T19:29:10.470Z] [INFO] [REVIEW PARTIAL SAVED] /Users/artifact/Developer/review_ai/Review_AI/scraper_project/raw_data/agiz-dis-bakimi/638130521_reviews.partial.json
[2026-04-04T19:29:11.087Z] [INFO] [review agiz-dis-bakimi/638130521] page=6 +8 reviews (unique=48)
[2026-04-04T19:29:11.814Z] [INFO] [review agiz-dis-bakimi/638130521] page=7 +8 reviews (unique=56)
[2026-04-04T19:29:12.479Z] [INFO] [review agiz-dis-bakimi/638130521] page=8 +8 reviews (unique=64)
[2026-04-04T19:29:13.230Z] [INFO] [review agiz-dis-bakimi/638130521] page=9 +8 reviews (unique=72)
[2026-04-04T19:29:20.422Z] [INFO] [review agiz-dis-bakimi/638130521] page=10 +8 reviews (unique=80)
[2026-04-04T19:29:20.423Z] [INFO] [REVIEW PARTIAL SAVED] /Users/artifact/Developer/review_ai/Review_AI/scraper_project/raw_data/agiz-dis-bakimi/638130521_reviews.partial.json
[2026-04-04T19:29:20.618Z] [INFO] 
[START REVIEW] category=agiz-dis-bakimi productId=736619533 startPage=1
[2026-04-04T19:29:21.082Z] [INFO] [review agiz-dis-bakimi/638130521] page=11 +8 reviews (unique=88)
[2026-04-04T19:29:21.300Z] [ERROR] [REVIEW ERROR] agiz-dis-bakimi/733368156
[2026-04-04T19:29:21.301Z] [ERROR] {"name":"TimeoutError"}
[2026-04-04T19:29:21.302Z] [INFO] 
[REVIEW WORKER 3] starting agiz-dis-bakimi/654466608
[2026-04-04T19:29:25.668Z] [INFO] 
[START REVIEW] category=agiz-dis-bakimi productId=654466608 startPage=1
[2026-04-04T19:29:25.722Z] [INFO] [review agiz-dis-bakimi/736619533] page=1 +1 reviews (unique=1)
[2026-04-04T19:29:25.723Z] [INFO] [REVIEW SAVED] /Users/artifact/Developer/review_ai/Review_AI/scraper_project/raw_data/agiz-dis-bakimi/736619533_reviews.json
[2026-04-04T19:29:25.731Z] [INFO] 
[REVIEW WORKER 2] starting agiz-dis-bakimi/723411084
[2026-04-04T19:29:28.375Z] [INFO] [review agiz-dis-bakimi/638130521] page=12 +8 reviews (unique=96)
[2026-04-04T19:29:32.365Z] [INFO] [review agiz-dis-bakimi/654466608] page=1 +8 reviews (unique=8)
[2026-04-04T19:29:33.065Z] [INFO] [review agiz-dis-bakimi/654466608] page=2 +8 reviews (unique=16)
[2026-04-04T19:29:33.706Z] [INFO] [review agiz-dis-bakimi/654466608] page=3 +8 reviews (unique=24)
[2026-04-04T19:29:34.410Z] [INFO] [review agiz-dis-bakimi/654466608] page=4 +8 reviews (unique=32)
[2026-04-04T19:29:35.296Z] [INFO] [review agiz-dis-bakimi/654466608] page=5 +8 reviews (unique=40)
[2026-04-04T19:29:35.298Z] [INFO] [REVIEW PARTIAL SAVED] /Users/artifact/Developer/review_ai/Review_AI/scraper_project/raw_data/agiz-dis-bakimi/654466608_reviews.partial.json
[2026-04-04T19:29:35.394Z] [INFO] [review agiz-dis-bakimi/638130521] page=13 +8 reviews (unique=104)
[2026-04-04T19:29:35.926Z] [INFO] [review agiz-dis-bakimi/654466608] page=6 +8 reviews (unique=48)
[2026-04-04T19:29:36.188Z] [INFO] [review agiz-dis-bakimi/638130521] page=14 +8 reviews (unique=112)
[2026-04-04T19:29:36.529Z] [INFO] [review agiz-dis-bakimi/654466608] page=7 +8 reviews (unique=56)
[2026-04-04T19:29:36.868Z] [INFO] [review agiz-dis-bakimi/638130521] page=15 +8 reviews (unique=120)
[2026-04-04T19:29:36.871Z] [INFO] [REVIEW PARTIAL SAVED] /Users/artifact/Developer/review_ai/Review_AI/scraper_project/raw_data/agiz-dis-bakimi/638130521_reviews.partial.json
[2026-04-04T19:29:37.223Z] [INFO] [review agiz-dis-bakimi/654466608] page=8 +8 reviews (unique=64)
[2026-04-04T19:29:37.543Z] [INFO] [review agiz-dis-bakimi/638130521] page=16 +2 reviews (unique=122)
[2026-04-04T19:29:37.545Z] [INFO] [REVIEW SAVED] /Users/artifact/Developer/review_ai/Review_AI/scraper_project/raw_data/agiz-dis-bakimi/638130521_reviews.json
[2026-04-04T19:29:37.552Z] [INFO] 
[REVIEW WORKER 1] starting agiz-dis-bakimi/646127060
[2026-04-04T19:29:44.369Z] [INFO] [review agiz-dis-bakimi/654466608] page=9 +5 reviews (unique=69)
[2026-04-04T19:29:44.371Z] [INFO] [REVIEW SAVED] /Users/artifact/Developer/review_ai/Review_AI/scraper_project/raw_data/agiz-dis-bakimi/654466608_reviews.json
[2026-04-04T19:29:44.380Z] [INFO] 
[REVIEW WORKER 3] starting agiz-dis-bakimi/598291678
[2026-04-04T19:29:54.800Z] [INFO] 
[START REVIEW] category=agiz-dis-bakimi productId=646127060 startPage=1
[2026-04-04T19:29:56.143Z] [INFO] [review agiz-dis-bakimi/646127060] page=1 +8 reviews (unique=8)
[2026-04-04T19:29:56.321Z] [INFO] 
[START REVIEW] category=agiz-dis-bakimi productId=723411084 startPage=1
[2026-04-04T19:29:56.621Z] [INFO] [review agiz-dis-bakimi/723411084] page=1 +8 reviews (unique=8)
[2026-04-04T19:29:57.243Z] [INFO] [review agiz-dis-bakimi/646127060] page=2 +8 reviews (unique=16)
[2026-04-04T19:29:57.314Z] [INFO] [review agiz-dis-bakimi/723411084] page=2 +8 reviews (unique=16)
[2026-04-04T19:29:57.945Z] [INFO] [review agiz-dis-bakimi/646127060] page=3 +8 reviews (unique=24)
[2026-04-04T19:29:57.992Z] [INFO] [review agiz-dis-bakimi/723411084] page=3 +8 reviews (unique=24)
[2026-04-04T19:29:58.583Z] [INFO] [review agiz-dis-bakimi/646127060] page=4 +8 reviews (unique=32)
[2026-04-04T19:29:58.651Z] [INFO] [review agiz-dis-bakimi/723411084] page=4 +8 reviews (unique=32)
[2026-04-04T19:29:59.215Z] [INFO] [review agiz-dis-bakimi/646127060] page=5 +8 reviews (unique=40)
[2026-04-04T19:29:59.216Z] [INFO] [REVIEW PARTIAL SAVED] /Users/artifact/Developer/review_ai/Review_AI/scraper_project/raw_data/agiz-dis-bakimi/646127060_reviews.partial.json
[2026-04-04T19:29:59.367Z] [INFO] [review agiz-dis-bakimi/723411084] page=5 +8 reviews (unique=40)
[2026-04-04T19:29:59.368Z] [INFO] [REVIEW PARTIAL SAVED] /Users/artifact/Developer/review_ai/Review_AI/scraper_project/raw_data/agiz-dis-bakimi/723411084_reviews.partial.json
[2026-04-04T19:29:59.924Z] [INFO] [review agiz-dis-bakimi/646127060] page=6 +8 reviews (unique=48)
[2026-04-04T19:30:00.039Z] [INFO] [review agiz-dis-bakimi/723411084] page=6 +8 reviews (unique=48)
[2026-04-04T19:30:00.614Z] [INFO] [review agiz-dis-bakimi/646127060] page=7 +8 reviews (unique=56)
[2026-04-04T19:30:00.827Z] [INFO] [review agiz-dis-bakimi/723411084] page=7 +8 reviews (unique=56)
[2026-04-04T19:30:01.397Z] [INFO] [review agiz-dis-bakimi/646127060] page=8 +8 reviews (unique=64)
[2026-04-04T19:30:01.401Z] [INFO] [REVIEW SAVED] /Users/artifact/Developer/review_ai/Review_AI/scraper_project/raw_data/agiz-dis-bakimi/646127060_reviews.json
[2026-04-04T19:30:01.413Z] [INFO] 
[REVIEW WORKER 1] starting agiz-dis-bakimi/715763154
[2026-04-04T19:30:01.555Z] [INFO] [review agiz-dis-bakimi/723411084] page=8 +8 reviews (unique=64)
[2026-04-04T19:30:02.336Z] [INFO] [review agiz-dis-bakimi/723411084] page=9 +8 reviews (unique=72)
[2026-04-04T19:30:05.995Z] [INFO] 
[START REVIEW] category=agiz-dis-bakimi productId=715763154 startPage=1
[2026-04-04T19:30:06.284Z] [INFO] [review agiz-dis-bakimi/715763154] page=1 +8 reviews (unique=8)
[2026-04-04T19:30:06.284Z] [INFO] [REVIEW SAVED] /Users/artifact/Developer/review_ai/Review_AI/scraper_project/raw_data/agiz-dis-bakimi/715763154_reviews.json
[2026-04-04T19:30:06.290Z] [INFO] 
[REVIEW WORKER 1] starting agiz-dis-bakimi/646972459
[2026-04-04T19:30:09.516Z] [INFO] [review agiz-dis-bakimi/723411084] page=10 +8 reviews (unique=80)
[2026-04-04T19:30:09.518Z] [INFO] [REVIEW PARTIAL SAVED] /Users/artifact/Developer/review_ai/Review_AI/scraper_project/raw_data/agiz-dis-bakimi/723411084_reviews.partial.json
[2026-04-04T19:30:10.273Z] [INFO] [review agiz-dis-bakimi/723411084] page=11 +8 reviews (unique=88)
[2026-04-04T19:30:11.047Z] [INFO] [review agiz-dis-bakimi/723411084] page=12 +8 reviews (unique=96)
[2026-04-04T19:30:11.687Z] [INFO] [review agiz-dis-bakimi/723411084] page=13 +8 reviews (unique=104)
[2026-04-04T19:30:12.504Z] [INFO] [review agiz-dis-bakimi/723411084] page=14 +8 reviews (unique=112)
[2026-04-04T19:30:13.231Z] [INFO] [review agiz-dis-bakimi/723411084] page=15 +8 reviews (unique=120)
[2026-04-04T19:30:13.233Z] [INFO] [REVIEW PARTIAL SAVED] /Users/artifact/Developer/review_ai/Review_AI/scraper_project/raw_data/agiz-dis-bakimi/723411084_reviews.partial.json
[2026-04-04T19:30:13.951Z] [INFO] [review agiz-dis-bakimi/723411084] page=16 +8 reviews (unique=128)
[2026-04-04T19:30:14.729Z] [INFO] [review agiz-dis-bakimi/723411084] page=17 +8 reviews (unique=136)
[2026-04-04T19:30:15.516Z] [INFO] [review agiz-dis-bakimi/723411084] page=18 +8 reviews (unique=144)
[2026-04-04T19:30:16.296Z] [INFO] [review agiz-dis-bakimi/723411084] page=19 +8 reviews (unique=152)
[2026-04-04T19:30:16.928Z] [INFO] [review agiz-dis-bakimi/723411084] page=20 +8 reviews (unique=160)
[2026-04-04T19:30:16.930Z] [INFO] [REVIEW PARTIAL SAVED] /Users/artifact/Developer/review_ai/Review_AI/scraper_project/raw_data/agiz-dis-bakimi/723411084_reviews.partial.json
[2026-04-04T19:30:17.871Z] [INFO] [review agiz-dis-bakimi/723411084] page=21 +8 reviews (unique=168)
[2026-04-04T19:30:18.640Z] [INFO] [review agiz-dis-bakimi/723411084] page=22 +8 reviews (unique=176)
[2026-04-04T19:30:19.336Z] [INFO] [review agiz-dis-bakimi/723411084] page=23 +8 reviews (unique=184)
[2026-04-04T19:30:19.695Z] [INFO] 
[START REVIEW] category=agiz-dis-bakimi productId=598291678 startPage=1
[2026-04-04T19:30:19.964Z] [INFO] [review agiz-dis-bakimi/598291678] page=1 +8 reviews (unique=8)
[2026-04-04T19:30:20.087Z] [INFO] [review agiz-dis-bakimi/723411084] page=24 +8 reviews (unique=192)
[2026-04-04T19:30:20.628Z] [INFO] [review agiz-dis-bakimi/598291678] page=2 +8 reviews (unique=16)
[2026-04-04T19:30:20.783Z] [INFO] [review agiz-dis-bakimi/723411084] page=25 +8 reviews (unique=200)
[2026-04-04T19:30:20.785Z] [INFO] [REVIEW PARTIAL SAVED] /Users/artifact/Developer/review_ai/Review_AI/scraper_project/raw_data/agiz-dis-bakimi/723411084_reviews.partial.json
[2026-04-04T19:30:21.297Z] [INFO] [review agiz-dis-bakimi/598291678] page=3 +8 reviews (unique=24)
[2026-04-04T19:30:21.535Z] [INFO] [review agiz-dis-bakimi/723411084] page=26 +8 reviews (unique=208)
[2026-04-04T19:30:22.061Z] [INFO] [review agiz-dis-bakimi/598291678] page=4 +8 reviews (unique=32)
[2026-04-04T19:30:22.154Z] [INFO] [review agiz-dis-bakimi/723411084] page=27 +8 reviews (unique=216)
[2026-04-04T19:30:22.670Z] [INFO] [review agiz-dis-bakimi/598291678] page=5 +8 reviews (unique=40)
[2026-04-04T19:30:22.672Z] [INFO] [REVIEW PARTIAL SAVED] /Users/artifact/Developer/review_ai/Review_AI/scraper_project/raw_data/agiz-dis-bakimi/598291678_reviews.partial.json
[2026-04-04T19:30:22.837Z] [INFO] [review agiz-dis-bakimi/723411084] page=28 +8 reviews (unique=224)
[2026-04-04T19:30:23.401Z] [INFO] [review agiz-dis-bakimi/598291678] page=6 +8 reviews (unique=48)
[2026-04-04T19:30:23.483Z] [INFO] [review agiz-dis-bakimi/723411084] page=29 +8 reviews (unique=232)
[2026-04-04T19:30:24.157Z] [INFO] [review agiz-dis-bakimi/598291678] page=7 +8 reviews (unique=56)
[2026-04-04T19:30:24.231Z] [INFO] [review agiz-dis-bakimi/723411084] page=30 +8 reviews (unique=240)
[2026-04-04T19:30:24.234Z] [INFO] [REVIEW PARTIAL SAVED] /Users/artifact/Developer/review_ai/Review_AI/scraper_project/raw_data/agiz-dis-bakimi/723411084_reviews.partial.json
[2026-04-04T19:30:24.987Z] [INFO] [review agiz-dis-bakimi/598291678] page=8 +8 reviews (unique=64)
[2026-04-04T19:30:25.102Z] [INFO] [review agiz-dis-bakimi/723411084] page=31 +4 reviews (unique=244)
[2026-04-04T19:30:25.107Z] [INFO] [REVIEW SAVED] /Users/artifact/Developer/review_ai/Review_AI/scraper_project/raw_data/agiz-dis-bakimi/723411084_reviews.json
[2026-04-04T19:30:25.115Z] [INFO] 
[REVIEW WORKER 2] starting agiz-dis-bakimi/646974639
[2026-04-04T19:30:25.810Z] [INFO] [review agiz-dis-bakimi/598291678] page=9 +8 reviews (unique=72)
[2026-04-04T19:30:29.923Z] [INFO] [review agiz-dis-bakimi/598291678] page=10 +8 reviews (unique=80)
[2026-04-04T19:30:29.926Z] [INFO] [REVIEW PARTIAL SAVED] /Users/artifact/Developer/review_ai/Review_AI/scraper_project/raw_data/agiz-dis-bakimi/598291678_reviews.partial.json
[2026-04-04T19:30:30.648Z] [INFO] [review agiz-dis-bakimi/598291678] page=11 +8 reviews (unique=88)
[2026-04-04T19:30:31.389Z] [INFO] [review agiz-dis-bakimi/598291678] page=12 +8 reviews (unique=96)
[2026-04-04T19:30:31.391Z] [INFO] [REVIEW SAVED] /Users/artifact/Developer/review_ai/Review_AI/scraper_project/raw_data/agiz-dis-bakimi/598291678_reviews.json
[2026-04-04T19:30:31.398Z] [INFO] 
[REVIEW WORKER 3] starting agiz-dis-bakimi/513238376
[2026-04-04T19:30:32.454Z] [INFO] 
[START REVIEW] category=agiz-dis-bakimi productId=646974639 startPage=1
[2026-04-04T19:30:32.872Z] [INFO] [review agiz-dis-bakimi/646974639] page=1 +8 reviews (unique=8)
[2026-04-04T19:30:34.113Z] [INFO] [review agiz-dis-bakimi/646974639] page=2 +8 reviews (unique=16)
[2026-04-04T19:30:34.875Z] [INFO] [review agiz-dis-bakimi/646974639] page=3 +8 reviews (unique=24)
[2026-04-04T19:30:35.687Z] [INFO] [review agiz-dis-bakimi/646974639] page=4 +8 reviews (unique=32)
[2026-04-04T19:30:36.473Z] [INFO] [review agiz-dis-bakimi/646974639] page=5 +8 reviews (unique=40)
[2026-04-04T19:30:36.476Z] [INFO] [REVIEW PARTIAL SAVED] /Users/artifact/Developer/review_ai/Review_AI/scraper_project/raw_data/agiz-dis-bakimi/646974639_reviews.partial.json
[2026-04-04T19:30:37.147Z] [INFO] [review agiz-dis-bakimi/646974639] page=6 +8 reviews (unique=48)
[2026-04-04T19:30:37.863Z] [INFO] [review agiz-dis-bakimi/646974639] page=7 +8 reviews (unique=56)
[2026-04-04T19:30:38.567Z] [INFO] [review agiz-dis-bakimi/646974639] page=8 +8 reviews (unique=64)
[2026-04-04T19:30:39.249Z] [INFO] [review agiz-dis-bakimi/646974639] page=9 +8 reviews (unique=72)
[2026-04-04T19:30:39.964Z] [INFO] [review agiz-dis-bakimi/646974639] page=10 +8 reviews (unique=80)
[2026-04-04T19:30:39.966Z] [INFO] [REVIEW PARTIAL SAVED] /Users/artifact/Developer/review_ai/Review_AI/scraper_project/raw_data/agiz-dis-bakimi/646974639_reviews.partial.json
[2026-04-04T19:30:40.664Z] [INFO] [review agiz-dis-bakimi/646974639] page=11 +8 reviews (unique=88)
[2026-04-04T19:30:41.346Z] [INFO] [review agiz-dis-bakimi/646974639] page=12 +8 reviews (unique=96)
[2026-04-04T19:30:42.000Z] [INFO] [review agiz-dis-bakimi/646974639] page=13 +8 reviews (unique=104)
[2026-04-04T19:30:42.698Z] [INFO] 
[START REVIEW] category=agiz-dis-bakimi productId=646972459 startPage=1
[2026-04-04T19:30:42.799Z] [INFO] [review agiz-dis-bakimi/646974639] page=14 +8 reviews (unique=112)
[2026-04-04T19:30:42.943Z] [INFO] [review agiz-dis-bakimi/646972459] page=1 +8 reviews (unique=8)
[2026-04-04T19:30:43.446Z] [INFO] [review agiz-dis-bakimi/646974639] page=15 +8 reviews (unique=120)
[2026-04-04T19:30:43.449Z] [INFO] [REVIEW PARTIAL SAVED] /Users/artifact/Developer/review_ai/Review_AI/scraper_project/raw_data/agiz-dis-bakimi/646974639_reviews.partial.json
[2026-04-04T19:30:43.624Z] [INFO] [review agiz-dis-bakimi/646972459] page=2 +8 reviews (unique=16)
[2026-04-04T19:30:44.500Z] [INFO] [review agiz-dis-bakimi/646972459] page=3 +8 reviews (unique=24)
[2026-04-04T19:30:44.709Z] [INFO] 
[START REVIEW] category=agiz-dis-bakimi productId=513238376 startPage=1
[2026-04-04T19:30:45.309Z] [INFO] [review agiz-dis-bakimi/646972459] page=4 +8 reviews (unique=32)
[2026-04-04T19:30:45.934Z] [INFO] [review agiz-dis-bakimi/646972459] page=5 +8 reviews (unique=40)
[2026-04-04T19:30:45.935Z] [INFO] [REVIEW PARTIAL SAVED] /Users/artifact/Developer/review_ai/Review_AI/scraper_project/raw_data/agiz-dis-bakimi/646972459_reviews.partial.json
[2026-04-04T19:30:46.695Z] [INFO] [review agiz-dis-bakimi/646972459] page=6 +8 reviews (unique=48)
[2026-04-04T19:30:47.370Z] [INFO] [review agiz-dis-bakimi/646972459] page=7 +8 reviews (unique=56)
[2026-04-04T19:30:48.018Z] [INFO] [review agiz-dis-bakimi/646972459] page=8 +8 reviews (unique=64)
[2026-04-04T19:30:48.800Z] [INFO] [review agiz-dis-bakimi/646972459] page=9 +8 reviews (unique=72)
[2026-04-04T19:30:49.568Z] [INFO] [review agiz-dis-bakimi/646972459] page=10 +8 reviews (unique=80)
[2026-04-04T19:30:49.571Z] [INFO] [REVIEW PARTIAL SAVED] /Users/artifact/Developer/review_ai/Review_AI/scraper_project/raw_data/agiz-dis-bakimi/646972459_reviews.partial.json
[2026-04-04T19:30:50.273Z] [INFO] [review agiz-dis-bakimi/646972459] page=11 +8 reviews (unique=88)
[2026-04-04T19:30:50.372Z] [INFO] [review agiz-dis-bakimi/646974639] page=16 +8 reviews (unique=128)
[2026-04-04T19:30:50.974Z] [INFO] [review agiz-dis-bakimi/646972459] page=12 +8 reviews (unique=96)
[2026-04-04T19:30:51.054Z] [INFO] [review agiz-dis-bakimi/646974639] page=17 +8 reviews (unique=136)
[2026-04-04T19:30:51.419Z] [INFO] [review agiz-dis-bakimi/513238376] page=1 +8 reviews (unique=8)
[2026-04-04T19:30:51.652Z] [INFO] [review agiz-dis-bakimi/646972459] page=13 +8 reviews (unique=104)
[2026-04-04T19:30:51.778Z] [INFO] [review agiz-dis-bakimi/646974639] page=18 +8 reviews (unique=144)
[2026-04-04T19:30:52.320Z] [INFO] [review agiz-dis-bakimi/646972459] page=14 +8 reviews (unique=112)
[2026-04-04T19:30:52.579Z] [INFO] [review agiz-dis-bakimi/513238376] page=2 +8 reviews (unique=16)
[2026-04-04T19:30:52.585Z] [INFO] [review agiz-dis-bakimi/646974639] page=19 +8 reviews (unique=152)
[2026-04-04T19:30:53.003Z] [INFO] [review agiz-dis-bakimi/646972459] page=15 +8 reviews (unique=120)
[2026-04-04T19:30:53.005Z] [INFO] [REVIEW PARTIAL SAVED] /Users/artifact/Developer/review_ai/Review_AI/scraper_project/raw_data/agiz-dis-bakimi/646972459_reviews.partial.json
[2026-04-04T19:30:53.240Z] [INFO] [review agiz-dis-bakimi/513238376] page=3 +8 reviews (unique=24)
[2026-04-04T19:30:53.340Z] [INFO] [review agiz-dis-bakimi/646974639] page=20 +8 reviews (unique=160)
[2026-04-04T19:30:53.343Z] [INFO] [REVIEW PARTIAL SAVED] /Users/artifact/Developer/review_ai/Review_AI/scraper_project/raw_data/agiz-dis-bakimi/646974639_reviews.partial.json
[2026-04-04T19:30:53.685Z] [INFO] [review agiz-dis-bakimi/646972459] page=16 +8 reviews (unique=128)
[2026-04-04T19:30:53.922Z] [INFO] [review agiz-dis-bakimi/513238376] page=4 +8 reviews (unique=32)
[2026-04-04T19:30:54.038Z] [INFO] [review agiz-dis-bakimi/646974639] page=21 +8 reviews (unique=168)
[2026-04-04T19:30:54.403Z] [INFO] [review agiz-dis-bakimi/646972459] page=17 +8 reviews (unique=136)
[2026-04-04T19:30:54.564Z] [INFO] [review agiz-dis-bakimi/513238376] page=5 +8 reviews (unique=40)
[2026-04-04T19:30:54.564Z] [INFO] [REVIEW PARTIAL SAVED] /Users/artifact/Developer/review_ai/Review_AI/scraper_project/raw_data/agiz-dis-bakimi/513238376_reviews.partial.json
[2026-04-04T19:30:54.756Z] [INFO] [review agiz-dis-bakimi/646974639] page=22 +8 reviews (unique=176)
[2026-04-04T19:30:55.087Z] [INFO] [review agiz-dis-bakimi/646972459] page=18 +8 reviews (unique=144)
[2026-04-04T19:30:55.298Z] [INFO] [review agiz-dis-bakimi/513238376] page=6 +8 reviews (unique=48)
[2026-04-04T19:30:55.384Z] [INFO] [review agiz-dis-bakimi/646974639] page=23 +8 reviews (unique=184)
[2026-04-04T19:30:55.864Z] [INFO] [review agiz-dis-bakimi/646972459] page=19 +8 reviews (unique=152)
[2026-04-04T19:30:56.017Z] [INFO] [review agiz-dis-bakimi/513238376] page=7 +8 reviews (unique=56)
[2026-04-04T19:30:56.131Z] [INFO] [review agiz-dis-bakimi/646974639] page=24 +8 reviews (unique=192)
[2026-04-04T19:30:56.554Z] [INFO] [review agiz-dis-bakimi/646972459] page=20 +8 reviews (unique=160)
[2026-04-04T19:30:56.556Z] [INFO] [REVIEW PARTIAL SAVED] /Users/artifact/Developer/review_ai/Review_AI/scraper_project/raw_data/agiz-dis-bakimi/646972459_reviews.partial.json
[2026-04-04T19:30:56.661Z] [INFO] [review agiz-dis-bakimi/513238376] page=8 +8 reviews (unique=64)
[2026-04-04T19:30:56.943Z] [INFO] [review agiz-dis-bakimi/646974639] page=25 +8 reviews (unique=200)
[2026-04-04T19:30:56.946Z] [INFO] [REVIEW PARTIAL SAVED] /Users/artifact/Developer/review_ai/Review_AI/scraper_project/raw_data/agiz-dis-bakimi/646974639_reviews.partial.json
[2026-04-04T19:30:57.289Z] [INFO] [review agiz-dis-bakimi/646972459] page=21 +8 reviews (unique=168)
[2026-04-04T19:30:57.408Z] [INFO] [review agiz-dis-bakimi/513238376] page=9 +8 reviews (unique=72)
[2026-04-04T19:30:57.710Z] [INFO] [review agiz-dis-bakimi/646974639] page=26 +8 reviews (unique=208)
[2026-04-04T19:30:57.935Z] [INFO] [review agiz-dis-bakimi/646972459] page=22 +8 reviews (unique=176)
[2026-04-04T19:30:58.049Z] [INFO] [review agiz-dis-bakimi/513238376] page=10 +8 reviews (unique=80)
[2026-04-04T19:30:58.051Z] [INFO] [REVIEW PARTIAL SAVED] /Users/artifact/Developer/review_ai/Review_AI/scraper_project/raw_data/agiz-dis-bakimi/513238376_reviews.partial.json
[2026-04-04T19:30:58.373Z] [INFO] [review agiz-dis-bakimi/646974639] page=27 +8 reviews (unique=216)
[2026-04-04T19:30:58.639Z] [INFO] [review agiz-dis-bakimi/646972459] page=23 +8 reviews (unique=184)
[2026-04-04T19:30:59.087Z] [INFO] [review agiz-dis-bakimi/646974639] page=28 +8 reviews (unique=224)
[2026-04-04T19:30:59.278Z] [INFO] [review agiz-dis-bakimi/646972459] page=24 +8 reviews (unique=192)
[2026-04-04T19:30:59.687Z] [INFO] [review agiz-dis-bakimi/646974639] page=29 +8 reviews (unique=232)
[2026-04-04T19:30:59.921Z] [INFO] [review agiz-dis-bakimi/646972459] page=25 +8 reviews (unique=200)
[2026-04-04T19:30:59.923Z] [INFO] [REVIEW PARTIAL SAVED] /Users/artifact/Developer/review_ai/Review_AI/scraper_project/raw_data/agiz-dis-bakimi/646972459_reviews.partial.json
[2026-04-04T19:31:00.326Z] [INFO] [review agiz-dis-bakimi/646974639] page=30 +8 reviews (unique=240)
[2026-04-04T19:31:00.327Z] [INFO] [REVIEW PARTIAL SAVED] /Users/artifact/Developer/review_ai/Review_AI/scraper_project/raw_data/agiz-dis-bakimi/646974639_reviews.partial.json
[2026-04-04T19:31:00.595Z] [INFO] [review agiz-dis-bakimi/646972459] page=26 +8 reviews (unique=208)
[2026-04-04T19:31:00.925Z] [INFO] [review agiz-dis-bakimi/646974639] page=31 +8 reviews (unique=248)
[2026-04-04T19:31:01.224Z] [INFO] [review agiz-dis-bakimi/646972459] page=27 +8 reviews (unique=216)
[2026-04-04T19:31:01.618Z] [INFO] [review agiz-dis-bakimi/646974639] page=32 +8 reviews (unique=256)
[2026-04-04T19:31:01.909Z] [INFO] [review agiz-dis-bakimi/646972459] page=28 +8 reviews (unique=224)
[2026-04-04T19:31:02.283Z] [INFO] [review agiz-dis-bakimi/646974639] page=33 +8 reviews (unique=264)
[2026-04-04T19:31:02.522Z] [INFO] [review agiz-dis-bakimi/646972459] page=29 +8 reviews (unique=232)
[2026-04-04T19:31:03.005Z] [INFO] [review agiz-dis-bakimi/646974639] page=34 +8 reviews (unique=272)
[2026-04-04T19:31:03.223Z] [INFO] [review agiz-dis-bakimi/646972459] page=30 +8 reviews (unique=240)
[2026-04-04T19:31:03.229Z] [INFO] [REVIEW PARTIAL SAVED] /Users/artifact/Developer/review_ai/Review_AI/scraper_project/raw_data/agiz-dis-bakimi/646972459_reviews.partial.json
[2026-04-04T19:31:03.726Z] [INFO] [review agiz-dis-bakimi/646974639] page=35 +8 reviews (unique=280)
[2026-04-04T19:31:03.732Z] [INFO] [REVIEW PARTIAL SAVED] /Users/artifact/Developer/review_ai/Review_AI/scraper_project/raw_data/agiz-dis-bakimi/646974639_reviews.partial.json
[2026-04-04T19:31:03.894Z] [INFO] [review agiz-dis-bakimi/646972459] page=31 +8 reviews (unique=248)
[2026-04-04T19:31:04.377Z] [INFO] [review agiz-dis-bakimi/646974639] page=36 +8 reviews (unique=288)
[2026-04-04T19:31:04.550Z] [INFO] [review agiz-dis-bakimi/646972459] page=32 +8 reviews (unique=256)
[2026-04-04T19:31:04.587Z] [INFO] [review agiz-dis-bakimi/513238376] page=11 +5 reviews (unique=85)
[2026-04-04T19:31:04.594Z] [INFO] [REVIEW SAVED] /Users/artifact/Developer/review_ai/Review_AI/scraper_project/raw_data/agiz-dis-bakimi/513238376_reviews.json
[2026-04-04T19:31:04.601Z] [INFO] 
[REVIEW WORKER 3] starting agiz-dis-bakimi/645392552
[2026-04-04T19:31:05.069Z] [INFO] [review agiz-dis-bakimi/646974639] page=37 +8 reviews (unique=296)
[2026-04-04T19:31:05.183Z] [INFO] [review agiz-dis-bakimi/646972459] page=33 +8 reviews (unique=264)
[2026-04-04T19:31:05.842Z] [INFO] [review agiz-dis-bakimi/646972459] page=34 +8 reviews (unique=272)
[2026-04-04T19:31:05.846Z] [INFO] [review agiz-dis-bakimi/646974639] page=38 +8 reviews (unique=304)
[2026-04-04T19:31:06.437Z] [INFO] [review agiz-dis-bakimi/646974639] page=39 +8 reviews (unique=312)
[2026-04-04T19:31:06.503Z] [INFO] [review agiz-dis-bakimi/646972459] page=35 +8 reviews (unique=280)
[2026-04-04T19:31:06.505Z] [INFO] [REVIEW PARTIAL SAVED] /Users/artifact/Developer/review_ai/Review_AI/scraper_project/raw_data/agiz-dis-bakimi/646972459_reviews.partial.json
[2026-04-04T19:31:07.046Z] [INFO] [review agiz-dis-bakimi/646974639] page=40 +8 reviews (unique=320)
[2026-04-04T19:31:07.051Z] [INFO] [REVIEW PARTIAL SAVED] /Users/artifact/Developer/review_ai/Review_AI/scraper_project/raw_data/agiz-dis-bakimi/646974639_reviews.partial.json
[2026-04-04T19:31:07.303Z] [INFO] [review agiz-dis-bakimi/646972459] page=36 +8 reviews (unique=288)
[2026-04-04T19:31:07.414Z] [INFO] 
[INTERRUPT] Ctrl+C received. Saving partial reviews...
[2026-04-04T19:31:07.421Z] [INFO] [REVIEW PARTIAL SAVED] /Users/artifact/Developer/review_ai/Review_AI/scraper_project/raw_data/agiz-dis-bakimi/646974639_reviews.partial.json
[2026-04-04T19:31:07.425Z] [INFO] [REVIEW PARTIAL SAVED] /Users/artifact/Developer/review_ai/Review_AI/scraper_project/raw_data/agiz-dis-bakimi/646972459_reviews.partial.json
[2026-04-04T19:31:07.478Z] [ERROR] [REVIEW ERROR] agiz-dis-bakimi/645392552
[2026-04-04T19:31:07.479Z] [ERROR] {}
[2026-04-04T19:31:07.479Z] [INFO] [REVIEW WORKER 3] shutdown detected, exiting.
[2026-04-04T19:31:07.522Z] [INFO] [review agiz-dis-bakimi/646974639] interrupt detected, stopping.
[2026-04-04T19:31:07.524Z] [INFO] [REVIEW SAVED] /Users/artifact/Developer/review_ai/Review_AI/scraper_project/raw_data/agiz-dis-bakimi/646974639_reviews.json
[2026-04-04T19:31:07.524Z] [INFO] [REVIEW WORKER 2] shutdown detected, exiting.
